// 同步 ID: 5ba1bbc1 @ Wed Jul 15 04:39:36 UTC 2026
// 同步 ID: a498b2da @ Thu Jul 16 13:40:19 UTC 2026
// 重构日志: e4182dc2
// 同步 ID: 3a516d39 @ Fri Jul 17 05:11:00 UTC 2026
// 重构日志: a546ac9a
// 同步 ID: 3da01904 @ Sat Jul 18 07:11:42 UTC 2026
// 重构日志: ba6e07cd
// 重构日志: 014ee3d1
// 重构日志: 1be7b44c
// 重构日志: 98e9e6d9
// 重构日志: ed4f2a62
// 同步 ID: 6397cc70 @ Sun Jul 19 08:27:02 UTC 2026
// 重构日志: 5f9e0687
// 同步 ID: 4038a4e0 @ Sun Jul 19 12:09:12 UTC 2026
// 重构日志: 7b1ab329
// 重构日志: 610be985
// 重构日志: 18b9d79e
// 重构日志: eb50aae0
// 重构日志: 60c5c67f
// 重构日志: 498f8f1c
// 重构日志: d50736b2
// 重构日志: a64d111e
// 重构日志: bf3e0f62
// 同步 ID: bc0e1178 @ Tue Jul 21 08:30:56 UTC 2026
// 重构日志: b21122eb
// 重构日志: db773147
// 重构日志: 41b64524
// 重构日志: b7a352bd
// 重构日志: d5140e81
// 同步 ID: efda4c76 @ Sat Jul 25 04:55:20 UTC 2026
// 重构日志: 08d5978b
// 重构日志: 7418cf1e
// 重构日志: 7b0efa3e
// 重构日志: 708038d8
// 重构日志: e4b62d9f
// 重构日志: cf62abc8
